// Jest Snapshot v1, https://goo.gl/fbAQLP

exports[`MobileNav component should match snapshot 1`] = `
<DocumentFragment>
  <div
    class="chakra-stack css-1aylv9m"
  >
    <div
      class="chakra-stack css-1811skr"
    >
      <div
        class="css-lxmzlz"
      >
        <a
          class="chakra-link css-xjxbhl"
        >
          Categorias
        </a>
        <svg
          aria-expanded="false"
          class="chakra-icon chakra-icon css-btfxl7"
          focusable="false"
          role="img"
          viewBox="0 0 24 24"
        >
          <path
            d="M16.59 8.59L12 13.17 7.41 8.59 6 10l6 6 6-6z"
            fill="currentColor"
          />
        </svg>
      </div>
      <div
        class="chakra-collapse"
        style="overflow: hidden; display: none; opacity: 0; height: 0px;"
      >
        <div
          class="chakra-stack css-thv72w"
        >
          <a
            class="chakra-link css-41nuu3"
            href="/tecnologia"
          >
            Tecnologia
          </a>
          <a
            class="chakra-link css-41nuu3"
            href="/electro"
          >
            Electro
          </a>
          <a
            class="chakra-link css-41nuu3"
            href="/herramientas"
          >
            Herramientas
          </a>
          <a
            class="chakra-link css-41nuu3"
            href="/juguetes"
          >
            Juguetes
          </a>
          <a
            class="chakra-link css-41nuu3"
            href="/jardin"
          >
            Jardin
          </a>
          <a
            class="chakra-link css-41nuu3"
            href="/zapatillas"
          >
            Zapatillas
          </a>
          <a
            class="chakra-link css-41nuu3"
            href="/ofertas"
          >
            OFERTAS!
          </a>
        </div>
      </div>
    </div>
    <div
      class="chakra-stack css-1811skr"
    >
      <div
        class="css-lxmzlz"
      >
        <a
          class="chakra-link css-xjxbhl"
        >
          Todos los productos
        </a>
      </div>
      <div
        class="chakra-collapse"
        style="overflow: hidden; display: none; opacity: 0; height: 0px;"
      >
        <div
          class="chakra-stack css-thv72w"
        />
      </div>
    </div>
    <div
      class="chakra-stack css-1811skr"
    >
      <div
        class="css-lxmzlz"
      >
        <a
          class="chakra-link css-xjxbhl"
        >
          ¿Donde estamos?
        </a>
      </div>
      <div
        class="chakra-collapse"
        style="overflow: hidden; display: none; opacity: 0; height: 0px;"
      >
        <div
          class="chakra-stack css-thv72w"
        />
      </div>
    </div>
    <div
      class="chakra-stack css-1811skr"
    >
      <div
        class="css-lxmzlz"
      >
        <a
          class="chakra-link css-xjxbhl"
        >
          Quienes somos...
        </a>
      </div>
      <div
        class="chakra-collapse"
        style="overflow: hidden; display: none; opacity: 0; height: 0px;"
      >
        <div
          class="chakra-stack css-thv72w"
        />
      </div>
    </div>
    <div
      class="chakra-stack css-1811skr"
    >
      <div
        class="css-lxmzlz"
      >
        <a
          class="chakra-link css-xjxbhl"
        >
          Contactanos
        </a>
      </div>
      <div
        class="chakra-collapse"
        style="overflow: hidden; display: none; opacity: 0; height: 0px;"
      >
        <div
          class="chakra-stack css-thv72w"
        />
      </div>
    </div>
  </div>
  <span
    hidden=""
    id="__chakra_env"
  />
</DocumentFragment>
`;
